2026-01-26 10:56:35 INFO (admin) [eyJ1c2VybmFtZSI6ImFkbWluIiwibmFt] keyword in context query "token = 'casa'" on Resource
2026-01-26 10:56:57 INFO (admin) [eyJ1c2VybmFtZSI6ImFkbWluIiwibmFt] keyword in context query "token = 'casa'" on Resource
2026-01-26 10:57:12 INFO (admin) [eyJ1c2VybmFtZSI6ImFkbWluIiwibmFt] keyword in context query "token = 'casa'" on Resource
2026-01-26 10:57:19 INFO (admin) [eyJ1c2VybmFtZSI6ImFkbWluIiwibmFt] keyword in context query "token = 'casa'" on Resource
2026-01-26 11:02:05 INFO (admin) [eyJ1c2VybmFtZSI6ImFkbWluIiwibmFt] get annotations on Resource /Administrator/Decameron [17693:17697] of Layer
2026-01-26 11:02:05 INFO (admin) [eyJ1c2VybmFtZSI6ImFkbWluIiwibmFt] remove Annotation Semantica /Administrator/Decameron [17693-17697]
2026-01-26 11:02:20 INFO (admin) [eyJ1c2VybmFtZSI6ImFkbWluIiwibmFt] keyword in context query "token = 'casa'" on Resource
2026-01-26 11:18:00 INFO (admin) [eyJ1c2VybmFtZSI6ImFkbWluIiwibmFt] create Annotation Semantica /Administrator/Decameron [17693-17697]
2026-01-26 11:18:00 INFO (admin) [eyJ1c2VybmFtZSI6ImFkbWluIiwibmFt] create AnnotationFeature Semantica /Administrator/Decameron [17693-17697] Semantica Accezione http://lexica/mylexicon#LexO_2025-07-1515_41_40_098
2026-01-26 11:19:55 INFO (admin) [eyJ1c2VybmFtZSI6ImFkbWluIiwibmFt] keyword in context query "token = 'casa'" on Resource
2026-01-26 11:20:03 INFO (admin) [eyJ1c2VybmFtZSI6ImFkbWluIiwibmFt] keyword in context query "token = 'casa'" on Resource
2026-01-26 11:22:02 INFO (admin) [eyJ1c2VybmFtZSI6ImFkbWluIiwibmFt] keyword in context query "token = 'casa'" on Resource
2026-01-26 12:10:05 INFO (admin) [eyJ1c2VybmFtZSI6ImFkbWluIiwibmFt] keyword in context query "token = 'casa'" on Resource
2026-01-26 12:10:13 INFO (admin) [eyJ1c2VybmFtZSI6ImFkbWluIiwibmFt] keyword in context query "token = 'casa'" on Resource
2026-01-26 12:10:20 INFO (admin) [eyJ1c2VybmFtZSI6ImFkbWluIiwibmFt] keyword in context query "token = 'casa'" on Resource
2026-01-26 12:10:29 INFO (admin) [eyJ1c2VybmFtZSI6ImFkbWluIiwibmFt] keyword in context query "token = 'casa'" on Resource
2026-01-26 12:12:40 INFO (admin) [eyJ1c2VybmFtZSI6ImFkbWluIiwibmFt] keyword in context query "token = 'casa'" on Resource
2026-01-26 12:14:42 INFO (admin) [eyJ1c2VybmFtZSI6ImFkbWluIiwibmFt] keyword in context query "token = 'casa'" on Resource
2026-01-26 12:14:49 INFO (admin) [eyJ1c2VybmFtZSI6ImFkbWluIiwibmFt] keyword in context query "token = 'casa'" on Resource
2026-01-26 12:17:37 INFO (admin) [eyJ1c2VybmFtZSI6ImFkbWluIiwibmFt] keyword in context query "token = 'casa'" on Resource
2026-01-26 12:17:50 INFO (admin) [eyJ1c2VybmFtZSI6ImFkbWluIiwibmFt] keyword in context query "token = 'casa'" on Resource
2026-01-26 12:17:56 INFO (admin) [eyJ1c2VybmFtZSI6ImFkbWluIiwibmFt] keyword in context query "token = 'casa'" on Resource
2026-01-26 12:17:59 INFO (admin) [eyJ1c2VybmFtZSI6ImFkbWluIiwibmFt] keyword in context query "token = 'casa'" on Resource
2026-01-26 12:20:26 INFO (admin) [eyJ1c2VybmFtZSI6ImFkbWluIiwibmFt] keyword in context query "token = 'casa'" on Resource
2026-01-26 12:25:59 INFO (admin) [eyJ1c2VybmFtZSI6ImFkbWluIiwibmFt] keyword in context query "token = 'casa'" on Resource
2026-01-26 12:33:26 INFO (admin) [eyJ1c2VybmFtZSI6ImFkbWluIiwibmFt] keyword in context query "token = 'casa'"
2026-01-26 12:33:33 INFO (admin) [eyJ1c2VybmFtZSI6ImFkbWluIiwibmFt] keyword in context query "token = 'casa'"
2026-01-26 12:33:45 INFO (admin) [eyJ1c2VybmFtZSI6ImFkbWluIiwibmFt] keyword in context query "token = 'casa'" using cache
